// Jest Snapshot v1, https://goo.gl/fbAQLP

exports[`[Dropdown Component] Matches snapshot 1`] = `[Function]`;
