// Jest Snapshot v1, https://goo.gl/fbAQLP

exports[`[Result Component] Matches snapshot 1`] = `[Function]`;
