// Jest Snapshot v1, https://goo.gl/fbAQLP

exports[`[Error Message Component] Matches snapshot 1`] = `[Function]`;
