// Jest Snapshot v1, https://goo.gl/fbAQLP

exports[`[Input Component] Matches snapshot 1`] = `[Function]`;
